ghc-stage2: panic! (the 'impossible' happened)
  (GHC version 8.5.20180216 for x86_64-unknown-linux):
	ASSERT failed! file compiler/typecheck/TcTyClsDecls.hs, line 1531

Please report this as a GHC bug:  http://www.haskell.org/ghc/reportabug

