doc names map:
module header:
  Nothing
declaration docs:
arg docs:
