doc names map:
  ":=:":
  "<>":
    <> from GHC.Base
  "Bool":
    Bool from GHC.Types
  "Unknown":
  "elem":
    elem from Data.Foldable
    elem from DocsInHiFile
  "print":
    print from System.IO
module header:
  Just text:
         " `elem`, 'print',
`Unknown',
'<>', ':=:', 'Bool'
"
       spans: 2-6, 10-15, 19-26, 30-32, 36-39, 43-47
