docs:
  Just identifier env:
       module header:
         Nothing
       declaration docs:
       arg docs:
       documentation structure:
         re-exported module(s): [Data.Functor.Identity]
           []
         re-exported module(s): [Data.Maybe]
           [Maybe{Maybe, Nothing, Just;}, maybe]
         re-exported module(s): [Data.Tuple]
           [fst, snd, curry, uncurry, swap]
       named chunks:
       haddock options:
       language:
         Nothing
       language extensions:
       declaration locations:
       splice locations:

