docs:
  Just identifier env:
       module header:
         Nothing
       declaration docs:
       arg docs:
       documentation structure:
       named chunks:
       haddock options:
         not-home, show-extensions
       language:
         Nothing
       language extensions:
       declaration locations:
       splice locations:

