docs:
  Just identifier env:
       module header:
         Nothing
       declaration docs:
       arg docs:
       documentation structure:
       named chunks:
       haddock options:
       language:
         Just Haskell98
       language extensions:
         PatternGuards
       declaration locations:

