instance [orphan] GHC.Exts.IsList [GHC.Types.Bool]
instance GHC.Exts.IsList [Orphans.X] = Orphans.$fIsListX
family instance GHC.Exts.Item [Orphans.X] = Orphans.D:R:ItemX
family instance [orphan] GHC.Exts.Item [GHC.Types.Bool]
"myrule1" [orphan] forall @ a
"myrule2" forall
