Warnings: x: Warning: ["These are useless"]
          y: Warning: ["These are useless"]
          contains: Deprecated: ["Use `elem` instead."]
trusted: safe
require own pkg trusted: False
docs:
  Just identifier env:
         "elem":
           elem from Data.Foldable
       module header:
         Nothing
       declaration docs:
       arg docs:
       documentation structure:
         avails:
           [contains]
         avails:
           [x]
         avails:
           [y]
       named chunks:
       haddock options:
       language:
         Nothing
       language extensions:
       declaration locations:
         contains:
           PragmaDocs.hs:(4,1)-(5,20)
         x:
           PragmaDocs.hs:8:1-6
         y:
           PragmaDocs.hs:9:1-6
       splice locations:

